---
source: tests/snapshot_tests.rs
expression: ir_context
---
SchemaContext {
    files: [
        FileDef {
            path: "file_imports.poly",
            namespaces: [
                NamespaceDef {
                    name: "",
                    items: [
                        Struct(
                            StructDef {
                                name: "MainTable",
                                fqn: "MainTable",
                                header: [],
                                items: [
                                    Field(
                                        FieldDef {
                                            name: "id",
                                            field_type: TypeRef {
                                                original: "u32",
                                                fqn: "u32",
                                                namespace_fqn: "",
                                                type_name: "u32",
                                                lang_type: "u32",
                                                is_primitive: true,
                                                is_struct: false,
                                                is_enum: false,
                                                is_option: false,
                                                is_list: false,
                                                inner_type: None,
                                            },
                                            attributes: [],
                                        },
                                    ),
                                    Field(
                                        FieldDef {
                                            name: "ref_a",
                                            field_type: TypeRef {
                                                original: "ImportedA",
                                                fqn: "ImportedA",
                                                namespace_fqn: "",
                                                type_name: "ImportedA",
                                                lang_type: "ImportedA",
                                                is_primitive: false,
                                                is_struct: true,
                                                is_enum: false,
                                                is_option: false,
                                                is_list: false,
                                                inner_type: None,
                                            },
                                            attributes: [],
                                        },
                                    ),
                                    Field(
                                        FieldDef {
                                            name: "status_b",
                                            field_type: TypeRef {
                                                original: "StatusB",
                                                fqn: "StatusB",
                                                namespace_fqn: "",
                                                type_name: "StatusB",
                                                lang_type: "StatusB",
                                                is_primitive: false,
                                                is_struct: false,
                                                is_enum: true,
                                                is_option: false,
                                                is_list: false,
                                                inner_type: None,
                                            },
                                            attributes: [],
                                        },
                                    ),
                                ],
                            },
                        ),
                    ],
                },
            ],
        },
        FileDef {
            path: "imported_schema_a.poly",
            namespaces: [
                NamespaceDef {
                    name: "",
                    items: [
                        Struct(
                            StructDef {
                                name: "ImportedA",
                                fqn: "ImportedA",
                                header: [],
                                items: [
                                    Field(
                                        FieldDef {
                                            name: "id",
                                            field_type: TypeRef {
                                                original: "u32",
                                                fqn: "u32",
                                                namespace_fqn: "",
                                                type_name: "u32",
                                                lang_type: "u32",
                                                is_primitive: true,
                                                is_struct: false,
                                                is_enum: false,
                                                is_option: false,
                                                is_list: false,
                                                inner_type: None,
                                            },
                                            attributes: [],
                                        },
                                    ),
                                    Field(
                                        FieldDef {
                                            name: "value",
                                            field_type: TypeRef {
                                                original: "string",
                                                fqn: "string",
                                                namespace_fqn: "",
                                                type_name: "string",
                                                lang_type: "string",
                                                is_primitive: true,
                                                is_struct: false,
                                                is_enum: false,
                                                is_option: false,
                                                is_list: false,
                                                inner_type: None,
                                            },
                                            attributes: [],
                                        },
                                    ),
                                ],
                            },
                        ),
                    ],
                },
            ],
        },
        FileDef {
            path: "imported_schema_b.poly",
            namespaces: [
                NamespaceDef {
                    name: "",
                    items: [
                        Enum(
                            EnumDef {
                                name: "StatusB",
                                fqn: "StatusB",
                                items: [
                                    Member(
                                        EnumMember {
                                            name: "Enabled",
                                            value: Some(
                                                0,
                                            ),
                                        },
                                    ),
                                    Member(
                                        EnumMember {
                                            name: "Disabled",
                                            value: Some(
                                                1,
                                            ),
                                        },
                                    ),
                                ],
                            },
                        ),
                    ],
                },
            ],
        },
    ],
}
