---
source: tests/snapshot_tests.rs
expression: ir_context
---
SchemaContext {
    files: [
        FileDef {
            path: "inline_enum_field_table.poly",
            namespaces: [
                NamespaceDef {
                    name: "",
                    items: [
                        Struct(
                            StructDef {
                                name: "Product",
                                fqn: "Product",
                                header: [],
                                items: [
                                    Field(
                                        FieldDef {
                                            name: "id",
                                            field_type: TypeRef {
                                                original: "u32",
                                                fqn: "u32",
                                                namespace_fqn: "",
                                                type_name: "u32",
                                                lang_type: "u32",
                                                is_primitive: true,
                                                is_struct: false,
                                                is_enum: false,
                                                is_option: false,
                                                is_list: false,
                                                inner_type: None,
                                            },
                                            attributes: [
                                                "Key",
                                            ],
                                        },
                                    ),
                                    Field(
                                        FieldDef {
                                            name: "name",
                                            field_type: TypeRef {
                                                original: "string",
                                                fqn: "string",
                                                namespace_fqn: "",
                                                type_name: "string",
                                                lang_type: "string",
                                                is_primitive: true,
                                                is_struct: false,
                                                is_enum: false,
                                                is_option: false,
                                                is_list: false,
                                                inner_type: None,
                                            },
                                            attributes: [],
                                        },
                                    ),
                                    Field(
                                        FieldDef {
                                            name: "status",
                                            field_type: TypeRef {
                                                original: "Status__Enum",
                                                fqn: "Product.Status__Enum",
                                                namespace_fqn: "Product",
                                                type_name: "Status__Enum",
                                                lang_type: "Status__Enum",
                                                is_primitive: false,
                                                is_struct: false,
                                                is_enum: true,
                                                is_option: false,
                                                is_list: false,
                                                inner_type: None,
                                            },
                                            attributes: [],
                                        },
                                    ),
                                    InlineEnum(
                                        EnumDef {
                                            name: "Status__Enum",
                                            fqn: "Product.Status__Enum",
                                            items: [
                                                Member(
                                                    EnumMember {
                                                        name: "Available",
                                                        value: Some(
                                                            0,
                                                        ),
                                                    },
                                                ),
                                                Member(
                                                    EnumMember {
                                                        name: "OutOfStock",
                                                        value: Some(
                                                            1,
                                                        ),
                                                    },
                                                ),
                                                Member(
                                                    EnumMember {
                                                        name: "Discontinued",
                                                        value: Some(
                                                            2,
                                                        ),
                                                    },
                                                ),
                                            ],
                                        },
                                    ),
                                ],
                            },
                        ),
                    ],
                },
            ],
        },
    ],
}
