---
source: tests/snapshot_tests.rs
expression: all_asts
---
[
    AstRoot {
        path: "tests/schemas\\inline_enum_test.poly",
        file_imports: [],
        definitions: [
            Namespace(
                Namespace {
                    path: [
                        "MyGame",
                    ],
                    imports: [],
                    definitions: [
                        Table(
                            Table {
                                metadata: [],
                                name: Some(
                                    "Player",
                                ),
                                members: [
                                    Enum(
                                        Enum {
                                            metadata: [],
                                            name: Some(
                                                "Status",
                                            ),
                                            variants: [
                                                EnumVariant {
                                                    metadata: [
                                                        DocComment(
                                                            "액티브",
                                                        ),
                                                    ],
                                                    name: Some(
                                                        "Active",
                                                    ),
                                                    value: None,
                                                },
                                                EnumVariant {
                                                    metadata: [],
                                                    name: Some(
                                                        "Inactive",
                                                    ),
                                                    value: None,
                                                },
                                                EnumVariant {
                                                    metadata: [],
                                                    name: Some(
                                                        "Banned",
                                                    ),
                                                    value: None,
                                                },
                                            ],
                                        },
                                    ),
                                    Field(
                                        Regular(
                                            RegularField {
                                                metadata: [],
                                                name: Some(
                                                    "id",
                                                ),
                                                field_type: TypeWithCardinality {
                                                    base_type: Basic(
                                                        I32,
                                                    ),
                                                    cardinality: None,
                                                },
                                                constraints: [],
                                                field_number: None,
                                            },
                                        ),
                                    ),
                                    Field(
                                        Regular(
                                            RegularField {
                                                metadata: [],
                                                name: Some(
                                                    "name",
                                                ),
                                                field_type: TypeWithCardinality {
                                                    base_type: Basic(
                                                        String,
                                                    ),
                                                    cardinality: None,
                                                },
                                                constraints: [],
                                                field_number: None,
                                            },
                                        ),
                                    ),
                                    Field(
                                        Regular(
                                            RegularField {
                                                metadata: [],
                                                name: Some(
                                                    "status",
                                                ),
                                                field_type: TypeWithCardinality {
                                                    base_type: Path(
                                                        [
                                                            "Status",
                                                        ],
                                                    ),
                                                    cardinality: None,
                                                },
                                                constraints: [],
                                                field_number: None,
                                            },
                                        ),
                                    ),
                                    Field(
                                        Regular(
                                            RegularField {
                                                metadata: [],
                                                name: Some(
                                                    "level",
                                                ),
                                                field_type: TypeWithCardinality {
                                                    base_type: Basic(
                                                        I32,
                                                    ),
                                                    cardinality: None,
                                                },
                                                constraints: [],
                                                field_number: None,
                                            },
                                        ),
                                    ),
                                ],
                            },
                        ),
                    ],
                },
            ),
            Namespace(
                Namespace {
                    path: [
                        "MyGame",
                    ],
                    imports: [],
                    definitions: [
                        Table(
                            Table {
                                metadata: [],
                                name: Some(
                                    "Player",
                                ),
                                members: [
                                    Field(
                                        Regular(
                                            RegularField {
                                                metadata: [],
                                                name: Some(
                                                    "id",
                                                ),
                                                field_type: TypeWithCardinality {
                                                    base_type: Basic(
                                                        I32,
                                                    ),
                                                    cardinality: None,
                                                },
                                                constraints: [],
                                                field_number: None,
                                            },
                                        ),
                                    ),
                                    Field(
                                        Regular(
                                            RegularField {
                                                metadata: [],
                                                name: Some(
                                                    "name",
                                                ),
                                                field_type: TypeWithCardinality {
                                                    base_type: Basic(
                                                        String,
                                                    ),
                                                    cardinality: None,
                                                },
                                                constraints: [],
                                                field_number: None,
                                            },
                                        ),
                                    ),
                                    Field(
                                        InlineEnum(
                                            InlineEnumField {
                                                metadata: [],
                                                name: Some(
                                                    "status",
                                                ),
                                                variants: [
                                                    EnumVariant {
                                                        metadata: [],
                                                        name: Some(
                                                            "Active",
                                                        ),
                                                        value: None,
                                                    },
                                                    EnumVariant {
                                                        metadata: [],
                                                        name: Some(
                                                            "Inactive",
                                                        ),
                                                        value: None,
                                                    },
                                                    EnumVariant {
                                                        metadata: [],
                                                        name: Some(
                                                            "Banned",
                                                        ),
                                                        value: None,
                                                    },
                                                ],
                                                cardinality: None,
                                                field_number: None,
                                            },
                                        ),
                                    ),
                                    Field(
                                        Regular(
                                            RegularField {
                                                metadata: [],
                                                name: Some(
                                                    "level",
                                                ),
                                                field_type: TypeWithCardinality {
                                                    base_type: Basic(
                                                        I32,
                                                    ),
                                                    cardinality: None,
                                                },
                                                constraints: [],
                                                field_number: None,
                                            },
                                        ),
                                    ),
                                ],
                            },
                        ),
                    ],
                },
            ),
        ],
    },
]
